[www.communitysafetyproject.org/index.html]
[www.communitysafetyproject.org/POST.0.delayed]
[backblue.gif]
[fade.gif]
[index.html]
[www.communitysafetyproject.org/home.html]
[www.communitysafetyproject.org/about-us.html]
[www.communitysafetyproject.org/about-us/services-we-provide.html]
[www.communitysafetyproject.org/about-us/mission-statement.html]
[www.communitysafetyproject.org/about-us/core-values.html]
[www.communitysafetyproject.org/about-us/meet-the-team.html]
[www.communitysafetyproject.org/about-us/partnerships.html]
[www.communitysafetyproject.org/about-us/roadmap.html]
[www.communitysafetyproject.org/contact-us.html]
[www.communitysafetyproject.org/contact-us/general.html]
[www.communitysafetyproject.org/contact-us/ticketing-system.html]
[www.communitysafetyproject.org/contact-us/discord-server.html]
[www.communitysafetyproject.org/resource-directory.html]
[www.communitysafetyproject.org/restricted-player-register.html]
[www.communitysafetyproject.org/documents.html]
[www.communitysafetyproject.org/documents/public-code-of-conduct.html]
[www.communitysafetyproject.org/documents/staff-code-of-conduct.html]
[www.communitysafetyproject.org/documents/staff-vetting-process.html]
[www.communitysafetyproject.org/documents/banappeal-process.html]
[www.communitysafetyproject.org/documents/ban-degrees.html]
[www.communitysafetyproject.org/documents/point-of-escalation.html]
[www.communitysafetyproject.org/documents/order-of-reporting.html]
[www.communitysafetyproject.org/documents/implementation.html]
[www.communitysafetyproject.org/documents/other-information.html]
[www.communitysafetyproject.org/qa.html]
[www.communitysafetyproject.org/dev-notes.html]
[www.communitysafetyproject.org/index.html]
[www.communitysafetyproject.org/POST.html]
[www.communitysafetyproject.org/home.html]
[www.communitysafetyproject.org/about-us.html]
[www.communitysafetyproject.org/dev-notes/dev-notes-october-1st-2024.html]
[www.communitysafetyproject.org/about-us/POST.1c.delayed]
[www.communitysafetyproject.org/about-us/services-we-provide.html]
[www.communitysafetyproject.org/about-us/mission-statement.html]
[www.communitysafetyproject.org/about-us/core-values.html]
[www.communitysafetyproject.org/about-us/meet-the-team.html]
[www.communitysafetyproject.org/about-us/partnerships.html]
[www.communitysafetyproject.org/about-us/_https_/forms.gle/7gwwyRKYaww12ff36_.1d.delayed]
[www.communitysafetyproject.org/about-us/_http_/discord.gg/v6HYxvYR5S_.1e.delayed]
[www.communitysafetyproject.org/about-us/roadmap.html]
[www.communitysafetyproject.org/contact-us.html]
[www.communitysafetyproject.org/contact-us/POST.1f.delayed]
[www.communitysafetyproject.org/contact-us/_https_/twitter.com/findCSRP.20175b.delayed]
[www.communitysafetyproject.org/contact-us/_https_/platform.twitter.com/widgets.21.delayed]
[www.communitysafetyproject.org/contact-us/general.html]
[www.communitysafetyproject.org/contact-us/ticketing-system.html]
[www.communitysafetyproject.org/contact-us/discord-server.html]
[www.communitysafetyproject.org/resource-directory.html]
[www.communitysafetyproject.org/restricted-player-register.html]
[www.communitysafetyproject.org/documents.html]
[www.communitysafetyproject.org/documents/POST.22.delayed]
[www.communitysafetyproject.org/documents/public-code-of-conduct.html]
[www.communitysafetyproject.org/documents/staff-code-of-conduct.html]
[www.communitysafetyproject.org/documents/staff-vetting-process.html]
[www.communitysafetyproject.org/documents/banappeal-process.html]
[www.communitysafetyproject.org/documents/ban-degrees.html]
[www.communitysafetyproject.org/documents/point-of-escalation.html]
[www.communitysafetyproject.org/documents/order-of-reporting.html]
[www.communitysafetyproject.org/documents/implementation.html]
[www.communitysafetyproject.org/documents/other-information.html]
[www.communitysafetyproject.org/qa.html]
[www.communitysafetyproject.org/dev-notes.html]
[www.communitysafetyproject.org/dev-notes/dev-notes-september-16th-2024.html]
[www.communitysafetyproject.org/dev-notes/POST.24.delayed]
[www.communitysafetyproject.org/dev-notes/dev-notes-october-1st-2024.html]
[www.communitysafetyproject.org/about-us/POST.html]
[www.communitysafetyproject.org/about-us/_https_/forms.gle/7gwwyRKYaww12ff36_.html]
[www.communitysafetyproject.org/about-us/_http_/discord.gg/v6HYxvYR5S_.html]
[www.communitysafetyproject.org/contact-us/POST.html]
[www.communitysafetyproject.org/contact-us/_https_/twitter.com/findCSRP175b.html]
[www.communitysafetyproject.org/contact-us/_https_/platform.twitter.com/widgets.html]
[www.communitysafetyproject.org/documents/POST.html]
[www.communitysafetyproject.org/dev-notes/dev-notes-september-16th-2024.html]
[www.communitysafetyproject.org/dev-notes/POST.html]
